// Jest Snapshot v1, https://goo.gl/fbAQLP

exports[`Header Component Testing Scenarios should render Header correctly 1`] = `
<header>
  <h1>
    Expensify
  </h1>
  <NavLink
    activeClassName="is-active-nav-link"
    exact={true}
    to="/"
  >
    Dashboard
  </NavLink>
  <NavLink
    activeClassName="is-active-nav-link"
    to="/create"
  >
    Create
  </NavLink>
  <NavLink
    activeClassName="is-active-nav-link"
    to="/edit"
  >
    Edit
  </NavLink>
  <NavLink
    activeClassName="is-active-nav-link"
    to="/help"
  >
    Help
  </NavLink>
</header>
`;
